// Jest Snapshot v1, https://goo.gl/fbAQLP

exports[`should render App component 1`] = `
"<div className=\\"App\\">
  <header className=\\"App-header\\">
    <img src=\\"logo.svg\\" className=\\"App-logo\\" alt=\\"logo\\" />
    <p>
      Edit
      <code>
        src/App.js
      </code>
      and save to reload.
    </p>
    <a className=\\"App-link\\" href=\\"https://reactjs.org\\" target=\\"_blank\\" rel=\\"noopener noreferrer\\">
      Learn React
    </a>
    <button onClick={[Function: signInWithGoogle]}>
      Sign in with google
    </button>
    <s>
      <ModalButton />
    </s>
  </header>
</div>"
`;
